[2026-05-28 12:55:31,548] multiqc                                            [DEBUG  ]  This is MultiQC v1.19
[2026-05-28 12:55:31,548] multiqc                                            [DEBUG  ]  Command used: /usr/local/bin/multiqc .
[2026-05-28 12:55:31,993] multiqc                                            [WARNING]  MultiQC Version v1.35 now available!
[2026-05-28 12:55:31,993] multiqc                                            [DEBUG  ]  Working dir : /home/alberto/nextflow-run-agb/work/de/ac386751807da5d30b1820e1591b4e
[2026-05-28 12:55:31,993] multiqc                                            [DEBUG  ]  Template    : default
[2026-05-28 12:55:31,993] multiqc                                            [DEBUG  ]  Running Python 3.11.7 | packaged by conda-forge | (main, Dec 15 2023, 08:38:37) [GCC 12.3.0]
[2026-05-28 12:55:31,993] multiqc                                            [DEBUG  ]  Analysing modules: custom_content, ccs, ngsderive, purple, conpair, lima, peddy, somalier, methylQA, mosdepth, phantompeakqualtools, qualimap, preseq, hifiasm, quast, qorts, rna_seqc, rockhopper, rsem, rseqc, busco, bustools, goleft_indexcov, gffcompare, disambiguate, supernova, deeptools, sargasso, verifybamid, mirtrace, happy, mirtop, sambamba, gopeaks, homer, hops, macs2, theta2, snpeff, gatk, htseq, bcftools, featureCounts, fgbio, dragen, dragen_fastqc, dedup, pbmarkdup, damageprofiler, mapdamage, biobambam2, jcvi, mtnucratio, picard, vep, bakta, prokka, qc3C, nanostat, samblaster, samtools, sexdeterrmine, seqera_cli, eigenstratdatabasetools, bamtools, jellyfish, vcftools, longranger, stacks, varscan2, snippy, umitools, truvari, bbmap, bismark, biscuit, diamond, hicexplorer, hicup, hicpro, salmon, kallisto, slamdunk, star, hisat2, tophat, bowtie2, bowtie1, cellranger, snpsplit, odgi, pangolin, nextclade, freyja, humid, kat, leehom, librarian, adapterRemoval, bbduk, clipandmerge, cutadapt, flexbar, sourmash, kaiju, bracken, kraken, malt, motus, trimmomatic, sickle, skewer, sortmerna, biobloomtools, fastq_screen, afterqc, fastp, fastqc, filtlong, prinseqplusplus, pychopper, porechop, pycoqc, minionqc, anglerfish, multivcfanalyzer, clusterflow, checkqc, bcl2fastq, bclconvert, interop, ivar, flash, seqyclean, optitype, whatshap, xenome, xengsort
[2026-05-28 12:55:31,993] multiqc                                            [DEBUG  ]  Using temporary directory for creating report: /tmp/tmp73ms8mmm
[2026-05-28 12:55:31,995] multiqc                                            [INFO   ]  Search path : /home/alberto/nextflow-run-agb/work/de/ac386751807da5d30b1820e1591b4e
[2026-05-28 12:55:32,041] multiqc                                            [DEBUG  ]  Summary of files that were skipped by the search: [skipped_module_specific_max_filesize: 58] // [skipped_no_match: 10]
[2026-05-28 12:55:32,633] multiqc.plots.bargraph                             [DEBUG  ]  Using matplotlib version 3.8.2
[2026-05-28 12:55:32,636] multiqc.plots.linegraph                            [DEBUG  ]  Using matplotlib version 3.8.2
[2026-05-28 12:55:32,637] multiqc                                            [DEBUG  ]  No samples found: custom_content
[2026-05-28 12:55:32,644] multiqc.modules.fastqc.fastqc                      [INFO   ]  Found 4 reports
[2026-05-28 12:55:32,655] multiqc.utils.software_versions                    [DEBUG  ]  Reading software versions from config.software_versions
[2026-05-28 12:55:32,658] multiqc                                            [DEBUG  ]  Compressing plot data
[2026-05-28 12:55:32,669] multiqc                                            [INFO   ]  Report      : multiqc_report.html
[2026-05-28 12:55:32,669] multiqc                                            [INFO   ]  Data        : multiqc_data
[2026-05-28 12:55:32,669] multiqc                                            [DEBUG  ]  Moving data file from '/tmp/tmp73ms8mmm/multiqc_data' to '/home/alberto/nextflow-run-agb/work/de/ac386751807da5d30b1820e1591b4e/multiqc_data'
[2026-05-28 12:55:32,669] multiqc                                            [DEBUG  ]  Full report path: /home/alberto/nextflow-run-agb/work/de/ac386751807da5d30b1820e1591b4e/multiqc_report.html
[2026-05-28 12:55:32,702] multiqc                                            [INFO   ]  MultiQC complete
