
 N E X T F L O W   ~  version 25.10.2

Launching `diversity_analysis.nf` [distraught_shannon] DSL2 - revision: f823d6e510

[-        ] prepare_inputs -

executor >  local (1)
[1b/836f1f] pre…re_inputs (prepare_inputs) | 0 of 1
[-        ] get_sampling_depth             -
[-        ] diversity_analysis             -

executor >  local (1)
[1b/836f1f] pre…re_inputs (prepare_inputs) | 0 of 1
[-        ] get_sampling_depth             -
[-        ] diversity_analysis             -

executor >  local (2)
[1b/836f1f] pre…re_inputs (prepare_inputs) | 1 of 1 ✔
[23/620b4d] get_sampling_depth             | 0 of 1
[-        ] diversity_analysis             -

executor >  local (3)
[1b/836f1f] pre…re_inputs (prepare_inputs) | 1 of 1 ✔
[23/620b4d] get_sampling_depth             | 1 of 1 ✔
[e8/60e59d] div…sis (alpha_beta_diversity) | 0 of 1

executor >  local (3)
[1b/836f1f] pre…re_inputs (prepare_inputs) | 1 of 1 ✔
[23/620b4d] get_sampling_depth             | 1 of 1 ✔
[e8/60e59d] div…sis (alpha_beta_diversity) | 0 of 1

executor >  local (3)
[1b/836f1f] pre…re_inputs (prepare_inputs) | 1 of 1 ✔
[23/620b4d] get_sampling_depth             | 1 of 1 ✔
[e8/60e59d] div…sis (alpha_beta_diversity) | 1 of 1 ✔
Completed at: 28-May-2026 16:39:10
Duration    : 12m 1s
CPU hours   : 0.8
Succeeded   : 3


