
 N E X T F L O W   ~  version 25.10.2

Launching `diversity_analysis.nf` [hopeful_engelbart] DSL2 - revision: a41056a8ca

[-        ] prepare_inputs     -
[-        ] get_sampling_depth -

executor >  local (1)
[4c/42604d] pre…re_inputs (prepare_inputs) | 0 of 1
[-        ] get_sampling_depth             -
[-        ] diversity_analysis             -

executor >  local (1)
[4c/42604d] pre…re_inputs (prepare_inputs) | 0 of 1
[-        ] get_sampling_depth             -
[-        ] diversity_analysis             -

executor >  local (2)
[4c/42604d] pre…re_inputs (prepare_inputs) | 1 of 1 ✔
[6f/a429a5] get_sampling_depth             | 0 of 1
[-        ] diversity_analysis             -

executor >  local (2)
[4c/42604d] pre…re_inputs (prepare_inputs) | 1 of 1 ✔
[6f/a429a5] get_sampling_depth             | 0 of 1
[-        ] diversity_analysis             -

executor >  local (3)
[4c/42604d] pre…re_inputs (prepare_inputs) | 1 of 1 ✔
[6f/a429a5] get_sampling_depth             | 1 of 1 ✔
[ff/cc9966] div…sis (alpha_beta_diversity) | 0 of 1

executor >  local (3)
[4c/42604d] pre…re_inputs (prepare_inputs) | 1 of 1 ✔
[6f/a429a5] get_sampling_depth             | 1 of 1 ✔
[ff/cc9966] div…sis (alpha_beta_diversity) | 1 of 1 ✔

executor >  local (3)
[4c/42604d] pre…re_inputs (prepare_inputs) | 1 of 1 ✔
[6f/a429a5] get_sampling_depth             | 1 of 1 ✔
[ff/cc9966] div…sis (alpha_beta_diversity) | 1 of 1 ✔
Completed at: 26-May-2026 11:04:02
Duration    : 11m 47s
CPU hours   : 0.8
Succeeded   : 3


