may-26 10:52:14.267 [main] DEBUG nextflow.cli.Launcher - Setting HTTP proxy: ProxyConfig[protocol=http; host=192.168.255.254; port=8080]
may-26 10:52:14.366 [main] DEBUG nextflow.cli.Launcher - Setting HTTPS proxy: ProxyConfig[protocol=https; host=192.168.255.254; port=8080]
may-26 10:52:14.368 [main] DEBUG nextflow.cli.Launcher - Setting FTP proxy: ProxyConfig[protocol=ftp; host=192.168.255.254; port=8080]
may-26 10:52:14.369 [main] DEBUG nextflow.cli.Launcher - Setting http proxy: ProxyConfig[protocol=http; host=192.168.255.254; port=8080]
may-26 10:52:14.370 [main] DEBUG nextflow.cli.Launcher - Setting https proxy: ProxyConfig[protocol=https; host=192.168.255.254; port=8080]
may-26 10:52:14.372 [main] DEBUG nextflow.cli.Launcher - Setting ftp proxy: ProxyConfig[protocol=ftp; host=192.168.255.254; port=8080]
may-26 10:52:14.373 [main] DEBUG nextflow.cli.Launcher - $> nextflow run diversity_analysis.nf --data_dir ./data --outdir ./results
may-26 10:52:14.430 [main] DEBUG nextflow.cli.CmdRun - N E X T F L O W  ~  version 25.10.2
may-26 10:52:14.467 [main] DEBUG nextflow.plugin.PluginsFacade - Setting up plugin manager > mode=prod; embedded=false; plugins-dir=/data/upfagb/u269208/.nextflow/plugins; core-plugins: nf-amazon@3.4.2,nf-azure@1.20.2,nf-cloudcache@0.5.0,nf-codecommit@0.5.0,nf-console@1.3.0,nf-google@1.23.3,nf-k8s@1.2.2,nf-tower@1.17.3,nf-wave@1.16.1
may-26 10:52:14.500 [main] INFO  o.pf4j.DefaultPluginStatusProvider - Enabled plugins: []
may-26 10:52:14.504 [main] INFO  o.pf4j.DefaultPluginStatusProvider - Disabled plugins: []
may-26 10:52:14.508 [main] INFO  org.pf4j.DefaultPluginManager - PF4J version 3.12.0 in 'deployment' mode
may-26 10:52:14.523 [main] DEBUG nextflow.util.RetryConfig - Missing nextflow session - using default retry config
may-26 10:52:14.637 [main] INFO  org.pf4j.AbstractPluginManager - No plugins
may-26 10:52:14.664 [main] DEBUG nextflow.config.ConfigBuilder - Found config local: /data/upfagb/u269208/agb2026_for_groupD/modules/groupC/phase2_diversity_analysis/module_diversity_metrics/nextflow.config
may-26 10:52:14.667 [main] DEBUG nextflow.config.ConfigBuilder - Parsing config file: /data/upfagb/u269208/agb2026_for_groupD/modules/groupC/phase2_diversity_analysis/module_diversity_metrics/nextflow.config
may-26 10:52:14.689 [main] DEBUG nextflow.config.ConfigBuilder - Applying config profile: `standard`
may-26 10:52:15.041 [main] DEBUG nextflow.plugin.PluginsFacade - Plugins default=[]
may-26 10:52:15.043 [main] DEBUG nextflow.plugin.PluginsFacade - Plugins resolved requirement=[]
may-26 10:52:15.054 [main] DEBUG n.secret.LocalSecretsProvider - Secrets store: /data/upfagb/u269208/.nextflow/secrets/store.json
may-26 10:52:15.058 [main] DEBUG nextflow.secret.SecretsLoader - Discovered secrets providers: [nextflow.secret.LocalSecretsProvider@76130a29] - activable => nextflow.secret.LocalSecretsProvider@76130a29
may-26 10:52:15.070 [main] DEBUG nextflow.cli.CmdRun - Applied DSL=2 by global default
may-26 10:52:15.084 [main] DEBUG nextflow.cli.CmdRun - Launching `diversity_analysis.nf` [hopeful_engelbart] DSL2 - revision: a41056a8ca
may-26 10:52:15.120 [main] DEBUG nextflow.Session - Session UUID: 673322ff-569f-4333-a837-53dfbc00d4e4
may-26 10:52:15.121 [main] DEBUG nextflow.Session - Run name: hopeful_engelbart
may-26 10:52:15.123 [main] DEBUG nextflow.Session - Executor pool size: 8
may-26 10:52:15.130 [main] DEBUG nextflow.file.FilePorter - File porter settings maxRetries=3; maxTransfers=50; pollTimeout=null
may-26 10:52:15.135 [main] DEBUG nextflow.util.ThreadPoolBuilder - Creating thread pool 'FileTransfer' minSize=10; maxSize=24; workQueue=LinkedBlockingQueue[-1]; allowCoreThreadTimeout=false
may-26 10:52:15.155 [main] DEBUG nextflow.cli.CmdRun - 
  Version: 25.10.2 build 10555
  Created: 28-11-2025 19:24 UTC (20:24 CEST)
  System: Linux 4.18.0-513.11.1.el8_9.x86_64
  Runtime: Groovy 4.0.28 on Java HotSpot(TM) 64-Bit Server VM 23.0.1+11-39
  Encoding: UTF-8 (UTF-8)
  Process: 62680@amd13 [192.168.131.41]
  CPUs: 8 - Mem: 16 GB (15.8 GB) - Swap: 0 (0)
may-26 10:52:15.182 [main] DEBUG nextflow.Session - Work-dir: /data/upfagb/u269208/agb2026_for_groupD/modules/groupC/phase2_diversity_analysis/module_diversity_metrics/work [nfs]
may-26 10:52:15.185 [main] DEBUG nextflow.Session - Script base path does not exist or is not a directory: /data/upfagb/u269208/agb2026_for_groupD/modules/groupC/phase2_diversity_analysis/module_diversity_metrics/bin
may-26 10:52:15.193 [main] DEBUG nextflow.executor.ExecutorFactory - Extension executors providers=[]
may-26 10:52:15.200 [main] DEBUG nextflow.Session - Observer factory (v2): LinObserverFactory
may-26 10:52:15.203 [main] DEBUG nextflow.Session - Observer factory (v2): DefaultObserverFactory
may-26 10:52:15.240 [main] DEBUG nextflow.cache.CacheFactory - Using Nextflow cache factory: nextflow.cache.DefaultCacheFactory
may-26 10:52:15.247 [main] DEBUG nextflow.util.CustomThreadPool - Creating default thread pool > poolSize: 9; maxThreads: 1000
may-26 10:52:15.367 [main] DEBUG nextflow.Session - Session start
may-26 10:52:15.586 [main] DEBUG nextflow.script.ScriptRunner - > Launching execution
may-26 10:52:15.653 [main] DEBUG n.script.dsl.ProcessConfigBuilder - Config settings `withName:prepare_inputs` matches process prepare_inputs
may-26 10:52:15.676 [main] DEBUG nextflow.executor.ExecutorFactory - << taskConfig executor: null
may-26 10:52:15.677 [main] DEBUG nextflow.executor.ExecutorFactory - >> processorType: 'local'
may-26 10:52:15.685 [main] DEBUG nextflow.executor.Executor - [warm up] executor > local
may-26 10:52:15.692 [main] DEBUG n.processor.LocalPollingMonitor - Creating local task monitor for executor 'local' > cpus=8; memory=16 GB; capacity=8; pollInterval=100ms; dumpInterval=5m
may-26 10:52:15.694 [main] DEBUG n.processor.TaskPollingMonitor - >>> barrier register (monitor: local)
may-26 10:52:15.711 [main] DEBUG nextflow.processor.TaskProcessor - Creating process 'prepare_inputs': maxForks=0; fair=false; array=0
may-26 10:52:15.748 [main] DEBUG n.script.dsl.ProcessConfigBuilder - Config settings `withName:get_sampling_depth` matches process get_sampling_depth
may-26 10:52:15.750 [main] DEBUG nextflow.executor.ExecutorFactory - << taskConfig executor: null
may-26 10:52:15.752 [main] DEBUG nextflow.executor.ExecutorFactory - >> processorType: 'local'
may-26 10:52:15.753 [main] DEBUG nextflow.processor.TaskProcessor - Creating process 'get_sampling_depth': maxForks=0; fair=false; array=0
may-26 10:52:15.765 [main] DEBUG n.script.dsl.ProcessConfigBuilder - Config settings `withName:diversity_analysis` matches process diversity_analysis
may-26 10:52:15.768 [main] DEBUG nextflow.executor.ExecutorFactory - << taskConfig executor: null
may-26 10:52:15.770 [main] DEBUG nextflow.executor.ExecutorFactory - >> processorType: 'local'
may-26 10:52:15.771 [main] DEBUG nextflow.processor.TaskProcessor - Creating process 'diversity_analysis': maxForks=0; fair=false; array=0
may-26 10:52:15.777 [main] DEBUG nextflow.Session - Workflow process names [dsl2]: get_sampling_depth, prepare_inputs, diversity_analysis
may-26 10:52:15.780 [main] DEBUG nextflow.Session - Igniting dataflow network (3)
may-26 10:52:15.781 [main] DEBUG nextflow.processor.TaskProcessor - Starting process > prepare_inputs
may-26 10:52:15.783 [main] DEBUG nextflow.processor.TaskProcessor - Starting process > get_sampling_depth
may-26 10:52:15.784 [main] DEBUG nextflow.processor.TaskProcessor - Starting process > diversity_analysis
may-26 10:52:15.786 [main] DEBUG nextflow.script.ScriptRunner - Parsed script files:
  Script_9fe36b390dbc9904: /data/upfagb/u269208/agb2026_for_groupD/modules/groupC/phase2_diversity_analysis/module_diversity_metrics/diversity_analysis.nf
may-26 10:52:15.788 [main] DEBUG nextflow.script.ScriptRunner - > Awaiting termination 
may-26 10:52:15.790 [main] DEBUG nextflow.Session - Session await
may-26 10:52:15.836 [Actor Thread 8] DEBUG nextflow.conda.CondaCache - conda found local env for environment=/data/upfagb/.conda/envs/qiime2-amplicon-2026.1; path=/data/upfagb/.conda/envs/qiime2-amplicon-2026.1
may-26 10:52:15.898 [Task submitter] DEBUG n.executor.local.LocalTaskHandler - Launch cmd line: /bin/bash -ue .command.run
may-26 10:52:15.901 [Task submitter] INFO  nextflow.Session - [4c/42604d] Submitted process > prepare_inputs (prepare_inputs)
may-26 10:57:15.800 [Task monitor] DEBUG n.processor.TaskPollingMonitor - !! executor local > tasks to be completed: 1 -- submitted tasks are shown below
~> TaskHandler[id: 1; name: prepare_inputs (prepare_inputs); status: RUNNING; exit: -; error: -; workDir: /data/upfagb/u269208/agb2026_for_groupD/modules/groupC/phase2_diversity_analysis/module_diversity_metrics/work/4c/42604da16e26f6344078a908507e3e]
may-26 10:58:32.464 [Task monitor] DEBUG n.processor.TaskPollingMonitor - Task completed > TaskHandler[id: 1; name: prepare_inputs (prepare_inputs); status: COMPLETED; exit: 0; error: -; workDir: /data/upfagb/u269208/agb2026_for_groupD/modules/groupC/phase2_diversity_analysis/module_diversity_metrics/work/4c/42604da16e26f6344078a908507e3e]
may-26 10:58:32.467 [Task monitor] DEBUG nextflow.util.ThreadPoolBuilder - Creating thread pool 'TaskFinalizer' minSize=10; maxSize=24; workQueue=LinkedBlockingQueue[-1]; allowCoreThreadTimeout=false
may-26 10:58:32.487 [TaskFinalizer-1] DEBUG nextflow.util.ThreadPoolBuilder - Creating thread pool 'PublishDir' minSize=10; maxSize=24; workQueue=LinkedBlockingQueue[-1]; allowCoreThreadTimeout=false
may-26 10:58:32.514 [Task submitter] DEBUG n.executor.local.LocalTaskHandler - Launch cmd line: /bin/bash -ue .command.run
may-26 10:58:32.516 [Task submitter] INFO  nextflow.Session - [6f/a429a5] Submitted process > get_sampling_depth
may-26 10:59:10.214 [Task monitor] DEBUG n.processor.TaskPollingMonitor - Task completed > TaskHandler[id: 2; name: get_sampling_depth; status: COMPLETED; exit: 0; error: -; workDir: /data/upfagb/u269208/agb2026_for_groupD/modules/groupC/phase2_diversity_analysis/module_diversity_metrics/work/6f/a429a5036e6d5094eb205df87c9d92]
may-26 10:59:10.260 [Task submitter] DEBUG n.executor.local.LocalTaskHandler - Launch cmd line: /bin/bash -ue .command.run
may-26 10:59:10.261 [Task submitter] INFO  nextflow.Session - [ff/cc9966] Submitted process > diversity_analysis (alpha_beta_diversity)
may-26 11:02:15.812 [Task monitor] DEBUG n.processor.TaskPollingMonitor - !! executor local > tasks to be completed: 1 -- submitted tasks are shown below
~> TaskHandler[id: 3; name: diversity_analysis (alpha_beta_diversity); status: RUNNING; exit: -; error: -; workDir: /data/upfagb/u269208/agb2026_for_groupD/modules/groupC/phase2_diversity_analysis/module_diversity_metrics/work/ff/cc99661958934c765d844a8e8df90c]
may-26 11:04:01.977 [Task monitor] DEBUG n.processor.TaskPollingMonitor - Task completed > TaskHandler[id: 3; name: diversity_analysis (alpha_beta_diversity); status: COMPLETED; exit: 0; error: -; workDir: /data/upfagb/u269208/agb2026_for_groupD/modules/groupC/phase2_diversity_analysis/module_diversity_metrics/work/ff/cc99661958934c765d844a8e8df90c]
may-26 11:04:02.048 [main] DEBUG nextflow.Session - Session await > all processes finished
may-26 11:04:02.077 [Task monitor] DEBUG n.processor.TaskPollingMonitor - <<< barrier arrives (monitor: local) - terminating tasks monitor poll loop
may-26 11:04:02.079 [main] DEBUG nextflow.Session - Session await > all barriers passed
may-26 11:04:02.082 [main] DEBUG nextflow.util.ThreadPoolManager - Thread pool 'TaskFinalizer' shutdown completed (hard=false)
may-26 11:04:02.217 [main] DEBUG nextflow.util.ThreadPoolManager - Thread pool 'PublishDir' shutdown completed (hard=false)
may-26 11:04:02.224 [main] DEBUG n.trace.WorkflowStatsObserver - Workflow completed > WorkflowStats[succeededCount=3; failedCount=0; ignoredCount=0; cachedCount=0; pendingCount=0; submittedCount=0; runningCount=0; retriesCount=0; abortedCount=0; succeedDuration=45m 10s; failedDuration=0ms; cachedDuration=0ms;loadCpus=0; loadMemory=0; peakRunning=1; peakCpus=4; peakMemory=16 GB; ]
may-26 11:04:02.393 [main] DEBUG nextflow.cache.CacheDB - Closing CacheDB done
may-26 11:04:02.423 [main] DEBUG nextflow.util.ThreadPoolManager - Thread pool 'FileTransfer' shutdown completed (hard=false)
may-26 11:04:02.424 [main] DEBUG nextflow.script.ScriptRunner - > Execution complete -- Goodbye
