Read 58 samples for shannon
Read 58 samples for observed_features
Read 58 samples for faith_pd
Read 74 samples for simpson
Saved Visualization to: rarefaction_output/rarefaction_curves.qzv
=== Rarefaction threshold selection ===
Date      : 2026-05-31T01:01:25.345782
Method    : coverage
Metric    : observed_features
Threshold : 1,454 reads
Total     : 58 samples
Retained  : 54
Excluded  : 4 (6.9%)
  too shallow: 0

Output files:
  rarefaction_threshold.txt          -- use this in qiime feature-table rarefy
  samples_to_keep.tsv                -- sample list for qiime filter-samples
  sample_qc.tsv                      -- per-sample plateau depth + pass/fail
  summary.json
  rarefaction_curves.png
  plateau_depth_distribution.png
  diversity_by_retention.png
Saved FeatureTable[Frequency] to: rarefaction_output/filtered_table.qza
Saved FeatureTable[Frequency] to: rarefaction_output/rarefied_table.qza
Saved FeatureTable[Frequency] to: final_diversity/core_metrics/rarefied_table.qza
Saved SampleData[AlphaDiversity] to: final_diversity/core_metrics/faith_pd_vector.qza
Saved SampleData[AlphaDiversity] to: final_diversity/core_metrics/observed_features_vector.qza
Saved SampleData[AlphaDiversity] to: final_diversity/core_metrics/shannon_vector.qza
Saved SampleData[AlphaDiversity] to: final_diversity/core_metrics/evenness_vector.qza
Saved DistanceMatrix to: final_diversity/core_metrics/unweighted_unifrac_distance_matrix.qza
Saved DistanceMatrix to: final_diversity/core_metrics/weighted_unifrac_distance_matrix.qza
Saved DistanceMatrix to: final_diversity/core_metrics/jaccard_distance_matrix.qza
Saved DistanceMatrix to: final_diversity/core_metrics/bray_curtis_distance_matrix.qza
Saved PCoAResults to: final_diversity/core_metrics/unweighted_unifrac_pcoa_results.qza
Saved PCoAResults to: final_diversity/core_metrics/weighted_unifrac_pcoa_results.qza
Saved PCoAResults to: final_diversity/core_metrics/jaccard_pcoa_results.qza
Saved PCoAResults to: final_diversity/core_metrics/bray_curtis_pcoa_results.qza
Saved Visualization to: final_diversity/core_metrics/unweighted_unifrac_emperor.qzv
Saved Visualization to: final_diversity/core_metrics/weighted_unifrac_emperor.qzv
Saved Visualization to: final_diversity/core_metrics/jaccard_emperor.qzv
Saved Visualization to: final_diversity/core_metrics/bray_curtis_emperor.qzv
Saved SampleData[AlphaDiversity] to: final_diversity/core_metrics/simpson_vector.qza
Exported final_diversity/core_metrics/shannon_vector.qza as AlphaDiversityDirectoryFormat to directory final_diversity/diversity_table/shannon
Exported final_diversity/core_metrics/observed_features_vector.qza as AlphaDiversityDirectoryFormat to directory final_diversity/diversity_table/observed
Exported final_diversity/core_metrics/faith_pd_vector.qza as AlphaDiversityDirectoryFormat to directory final_diversity/diversity_table/faith
Exported final_diversity/core_metrics/simpson_vector.qza as AlphaDiversityDirectoryFormat to directory final_diversity/diversity_table/simpson
Exported final_diversity/core_metrics/weighted_unifrac_distance_matrix.qza as DistanceMatrixDirectoryFormat to directory final_diversity/diversity_table/weighted_unifrac
Exported final_diversity/core_metrics/bray_curtis_distance_matrix.qza as DistanceMatrixDirectoryFormat to directory final_diversity/diversity_table/bray_curtis
