may-31 00:39:53.298 [main] DEBUG nextflow.cli.Launcher - Setting HTTP proxy: ProxyConfig[protocol=http; host=192.168.255.254; port=8080]
may-31 00:39:53.392 [main] DEBUG nextflow.cli.Launcher - Setting HTTPS proxy: ProxyConfig[protocol=https; host=192.168.255.254; port=8080]
may-31 00:39:53.394 [main] DEBUG nextflow.cli.Launcher - Setting FTP proxy: ProxyConfig[protocol=ftp; host=192.168.255.254; port=8080]
may-31 00:39:53.395 [main] DEBUG nextflow.cli.Launcher - Setting http proxy: ProxyConfig[protocol=http; host=192.168.255.254; port=8080]
may-31 00:39:53.397 [main] DEBUG nextflow.cli.Launcher - Setting https proxy: ProxyConfig[protocol=https; host=192.168.255.254; port=8080]
may-31 00:39:53.398 [main] DEBUG nextflow.cli.Launcher - Setting ftp proxy: ProxyConfig[protocol=ftp; host=192.168.255.254; port=8080]
may-31 00:39:53.400 [main] DEBUG nextflow.cli.Launcher - $> nextflow run groupC.nf --data_dir ../modules/groupC/phase2_diversity_analysis/modules/module_diversity_metrics/data --outdir results -work-dir /data/upfagb/u269208/agb2026/workflows/work -with-report logs/report.html -with-trace logs/trace.txt -resume
may-31 00:39:53.448 [main] DEBUG nextflow.cli.CmdRun - N E X T F L O W  ~  version 25.10.2
may-31 00:39:53.486 [main] DEBUG nextflow.plugin.PluginsFacade - Setting up plugin manager > mode=prod; embedded=false; plugins-dir=/data/upfagb/u269208/.nextflow/plugins; core-plugins: nf-amazon@3.4.2,nf-azure@1.20.2,nf-cloudcache@0.5.0,nf-codecommit@0.5.0,nf-console@1.3.0,nf-google@1.23.3,nf-k8s@1.2.2,nf-tower@1.17.3,nf-wave@1.16.1
may-31 00:39:53.516 [main] INFO  o.pf4j.DefaultPluginStatusProvider - Enabled plugins: []
may-31 00:39:53.520 [main] INFO  o.pf4j.DefaultPluginStatusProvider - Disabled plugins: []
may-31 00:39:53.524 [main] INFO  org.pf4j.DefaultPluginManager - PF4J version 3.12.0 in 'deployment' mode
may-31 00:39:53.536 [main] DEBUG nextflow.util.RetryConfig - Missing nextflow session - using default retry config
may-31 00:39:53.639 [main] INFO  org.pf4j.AbstractPluginManager - No plugins
may-31 00:39:53.665 [main] DEBUG nextflow.config.ConfigBuilder - Found config local: /data/upfagb/u269208/agb2026/workflows/nextflow.config
may-31 00:39:53.668 [main] DEBUG nextflow.config.ConfigBuilder - Parsing config file: /data/upfagb/u269208/agb2026/workflows/nextflow.config
may-31 00:39:53.688 [main] DEBUG nextflow.config.ConfigBuilder - Applying config profile: `standard`
may-31 00:39:54.086 [main] DEBUG nextflow.plugin.PluginsFacade - Plugins default=[]
may-31 00:39:54.088 [main] DEBUG nextflow.plugin.PluginsFacade - Plugins resolved requirement=[]
may-31 00:39:54.100 [main] DEBUG n.secret.LocalSecretsProvider - Secrets store: /data/upfagb/u269208/.nextflow/secrets/store.json
may-31 00:39:54.103 [main] DEBUG nextflow.secret.SecretsLoader - Discovered secrets providers: [nextflow.secret.LocalSecretsProvider@39c96e48] - activable => nextflow.secret.LocalSecretsProvider@39c96e48
may-31 00:39:54.109 [main] DEBUG nextflow.cli.CmdRun - Applied DSL=2 by global default
may-31 00:39:54.122 [main] DEBUG nextflow.cli.CmdRun - Launching `groupC.nf` [scruffy_becquerel] DSL2 - revision: dfce408985
may-31 00:39:54.163 [main] DEBUG nextflow.Session - Session UUID: bc2b0ec9-dc25-4fe3-9699-4eb6ff9b9681
may-31 00:39:54.164 [main] DEBUG nextflow.Session - Run name: scruffy_becquerel
may-31 00:39:54.166 [main] DEBUG nextflow.Session - Executor pool size: 8
may-31 00:39:54.173 [main] DEBUG nextflow.file.FilePorter - File porter settings maxRetries=3; maxTransfers=50; pollTimeout=null
may-31 00:39:54.178 [main] DEBUG nextflow.util.ThreadPoolBuilder - Creating thread pool 'FileTransfer' minSize=10; maxSize=24; workQueue=LinkedBlockingQueue[-1]; allowCoreThreadTimeout=false
may-31 00:39:54.198 [main] DEBUG nextflow.cli.CmdRun - 
  Version: 25.10.2 build 10555
  Created: 28-11-2025 19:24 UTC (20:24 CEST)
  System: Linux 4.18.0-513.11.1.el8_9.x86_64
  Runtime: Groovy 4.0.28 on Java HotSpot(TM) 64-Bit Server VM 23.0.1+11-39
  Encoding: UTF-8 (UTF-8)
  Process: 104981@amd11 [192.168.131.39]
  CPUs: 8 - Mem: 16 GB (15.8 GB) - Swap: 0 (0)
may-31 00:39:54.225 [main] DEBUG nextflow.Session - Work-dir: /data/upfagb/u269208/agb2026/workflows/work [nfs]
may-31 00:39:54.258 [main] DEBUG nextflow.executor.ExecutorFactory - Extension executors providers=[]
may-31 00:39:54.265 [main] DEBUG nextflow.Session - Observer factory (v2): LinObserverFactory
may-31 00:39:54.269 [main] DEBUG nextflow.Session - Observer factory (v2): DefaultObserverFactory
may-31 00:39:54.301 [main] DEBUG nextflow.cache.CacheFactory - Using Nextflow cache factory: nextflow.cache.DefaultCacheFactory
may-31 00:39:54.308 [main] DEBUG nextflow.util.CustomThreadPool - Creating default thread pool > poolSize: 9; maxThreads: 1000
may-31 00:39:54.458 [main] DEBUG nextflow.Session - Session start
may-31 00:39:54.466 [main] DEBUG nextflow.Session - Report file already exists: logs/report.html -- enable the 'report.overwrite' option in your config file to overwrite existing files
nextflow.exception.AbortOperationException: Report file already exists: logs/report.html -- enable the 'report.overwrite' option in your config file to overwrite existing files
	at nextflow.trace.ReportObserver.onFlowCreate(ReportObserver.groovy:119)
	at nextflow.Session$_notifyFlowCreate_lambda34.doCall(Session.groovy:1107)
	at nextflow.Session.notifyEvent(Session.groovy:1151)
	at nextflow.Session.notifyFlowCreate(Session.groovy:1107)
	at nextflow.Session.start(Session.groovy:596)
	at nextflow.script.ScriptRunner.execute(ScriptRunner.groovy:133)
	at nextflow.cli.CmdRun.run(CmdRun.groovy:429)
	at nextflow.cli.Launcher.run(Launcher.groovy:515)
	at nextflow.cli.Launcher.main(Launcher.groovy:675)
may-31 00:39:54.469 [main] DEBUG nextflow.trace.TraceFileObserver - Workflow started -- trace file: logs/trace.txt
may-31 00:39:54.471 [main] DEBUG nextflow.Session - Trace file already exists: logs/trace.txt -- enable the 'trace.overwrite' option in your config file to overwrite existing files
nextflow.exception.AbortOperationException: Trace file already exists: logs/trace.txt -- enable the 'trace.overwrite' option in your config file to overwrite existing files
	at nextflow.trace.TraceHelper.newFileWriter(TraceHelper.groovy:67)
	at nextflow.trace.TraceFileObserver.onFlowCreate(TraceFileObserver.groovy:174)
	at nextflow.Session$_notifyFlowCreate_lambda34.doCall(Session.groovy:1107)
	at nextflow.Session.notifyEvent(Session.groovy:1151)
	at nextflow.Session.notifyFlowCreate(Session.groovy:1107)
	at nextflow.Session.start(Session.groovy:596)
	at nextflow.script.ScriptRunner.execute(ScriptRunner.groovy:133)
	at nextflow.cli.CmdRun.run(CmdRun.groovy:429)
	at nextflow.cli.Launcher.run(Launcher.groovy:515)
	at nextflow.cli.Launcher.main(Launcher.groovy:675)
Caused by: java.nio.file.FileAlreadyExistsException: logs/trace.txt
	at java.base/sun.nio.fs.UnixException.translateToIOException(UnixException.java:94)
	at java.base/sun.nio.fs.UnixException.rethrowAsIOException(UnixException.java:106)
	at java.base/sun.nio.fs.UnixException.rethrowAsIOException(UnixException.java:111)
	at java.base/sun.nio.fs.UnixFileSystemProvider.newByteChannel(UnixFileSystemProvider.java:262)
	at java.base/java.nio.file.spi.FileSystemProvider.newOutputStream(FileSystemProvider.java:482)
	at java.base/java.nio.file.Files.newOutputStream(Files.java:228)
	at java.base/java.nio.file.Files.newBufferedWriter(Files.java:3012)
	at nextflow.trace.TraceHelper.newFileWriter(TraceHelper.groovy:64)
	... 9 common frames omitted
may-31 00:39:54.825 [main] DEBUG nextflow.script.ScriptRunner - > Launching execution
may-31 00:39:55.450 [main] DEBUG n.script.dsl.ProcessConfigBuilder - Config settings `withName:prepare_inputs` matches process PHASE2_DIVERSITY:DIVERSITY_METRICS:prepare_inputs
may-31 00:39:55.460 [main] DEBUG nextflow.executor.ExecutorFactory - << taskConfig executor: null
may-31 00:39:55.462 [main] DEBUG nextflow.executor.ExecutorFactory - >> processorType: 'local'
may-31 00:39:55.471 [main] DEBUG nextflow.executor.Executor - [warm up] executor > local
may-31 00:39:55.480 [main] DEBUG n.processor.LocalPollingMonitor - Creating local task monitor for executor 'local' > cpus=8; memory=16 GB; capacity=8; pollInterval=100ms; dumpInterval=5m
may-31 00:39:55.483 [main] DEBUG n.processor.TaskPollingMonitor - >>> barrier register (monitor: local)
may-31 00:39:55.505 [main] DEBUG nextflow.processor.TaskProcessor - Creating process 'PHASE2_DIVERSITY:DIVERSITY_METRICS:prepare_inputs': maxForks=0; fair=false; array=0
may-31 00:39:55.550 [main] DEBUG n.script.dsl.ProcessConfigBuilder - Config settings `withName:get_sampling_depth` matches process PHASE2_DIVERSITY:DIVERSITY_METRICS:get_sampling_depth
may-31 00:39:55.553 [main] DEBUG nextflow.executor.ExecutorFactory - << taskConfig executor: null
may-31 00:39:55.554 [main] DEBUG nextflow.executor.ExecutorFactory - >> processorType: 'local'
may-31 00:39:55.556 [main] DEBUG nextflow.processor.TaskProcessor - Creating process 'PHASE2_DIVERSITY:DIVERSITY_METRICS:get_sampling_depth': maxForks=0; fair=false; array=0
may-31 00:39:55.578 [main] DEBUG n.script.dsl.ProcessConfigBuilder - Config settings `withName:diversity_analysis` matches process PHASE2_DIVERSITY:DIVERSITY_METRICS:diversity_analysis
may-31 00:39:55.581 [main] DEBUG nextflow.executor.ExecutorFactory - << taskConfig executor: null
may-31 00:39:55.583 [main] DEBUG nextflow.executor.ExecutorFactory - >> processorType: 'local'
may-31 00:39:55.584 [main] DEBUG nextflow.processor.TaskProcessor - Creating process 'PHASE2_DIVERSITY:DIVERSITY_METRICS:diversity_analysis': maxForks=0; fair=false; array=0
may-31 00:39:55.638 [main] DEBUG n.script.dsl.ProcessConfigBuilder - Config settings `withName:RAREFACTION_THRESHOLD` matches process PHASE2_DIVERSITY:RAREFACTION_THRESHOLD
may-31 00:39:55.644 [main] DEBUG nextflow.executor.ExecutorFactory - << taskConfig executor: null
may-31 00:39:55.646 [main] DEBUG nextflow.executor.ExecutorFactory - >> processorType: 'local'
may-31 00:39:55.648 [main] DEBUG nextflow.processor.TaskProcessor - Creating process 'PHASE2_DIVERSITY:RAREFACTION_THRESHOLD': maxForks=0; fair=false; array=0
may-31 00:39:55.657 [main] DEBUG n.script.dsl.ProcessConfigBuilder - Config settings `withName:SKIP_RAREFACTION` matches process PHASE2_DIVERSITY:SKIP_RAREFACTION
may-31 00:39:55.660 [main] DEBUG nextflow.executor.ExecutorFactory - << taskConfig executor: null
may-31 00:39:55.661 [main] DEBUG nextflow.executor.ExecutorFactory - >> processorType: 'local'
may-31 00:39:55.663 [main] DEBUG nextflow.processor.TaskProcessor - Creating process 'PHASE2_DIVERSITY:SKIP_RAREFACTION': maxForks=0; fair=false; array=0
may-31 00:39:55.679 [main] DEBUG nextflow.Session - Workflow process names [dsl2]: SKIP_RAREFACTION, PHASE2_DIVERSITY:SKIP_RAREFACTION, PHASE2_DIVERSITY:DIVERSITY_METRICS:prepare_inputs, RAREFACTION_THRESHOLD, get_sampling_depth, prepare_inputs, PHASE2_DIVERSITY:DIVERSITY_METRICS:get_sampling_depth, PHASE2_DIVERSITY:DIVERSITY_METRICS:diversity_analysis, PHASE2_DIVERSITY:RAREFACTION_THRESHOLD, diversity_analysis
may-31 00:39:55.682 [main] DEBUG nextflow.Session - Igniting dataflow network (11)
may-31 00:39:55.685 [main] DEBUG nextflow.processor.TaskProcessor - Starting process > PHASE2_DIVERSITY:DIVERSITY_METRICS:prepare_inputs
may-31 00:39:55.686 [main] DEBUG nextflow.processor.TaskProcessor - Starting process > PHASE2_DIVERSITY:DIVERSITY_METRICS:get_sampling_depth
may-31 00:39:55.688 [main] DEBUG nextflow.processor.TaskProcessor - Starting process > PHASE2_DIVERSITY:DIVERSITY_METRICS:diversity_analysis
may-31 00:39:55.689 [main] DEBUG nextflow.processor.TaskProcessor - Starting process > PHASE2_DIVERSITY:RAREFACTION_THRESHOLD
may-31 00:39:55.691 [main] DEBUG nextflow.processor.TaskProcessor - Starting process > PHASE2_DIVERSITY:SKIP_RAREFACTION
may-31 00:39:55.694 [main] DEBUG nextflow.script.ScriptRunner - Parsed script files:
  Script_717b1bb8e4a13f06: /data/upfagb/u269208/agb2026/modules/groupC/phase2_diversity_analysis/modules/module_diversity_metrics/diversity_analysis.nf
  Script_0ecaf374f1aca11b: /data/upfagb/u269208/agb2026/modules/groupC/phase2_diversity_analysis/modules/module_rarefaction/select_rarefaction_batches.nf
  Script_0418a411fa185dea: /data/upfagb/u269208/agb2026/workflows/groupC.nf
may-31 00:39:55.695 [main] DEBUG nextflow.script.ScriptRunner - > Awaiting termination 
may-31 00:39:55.697 [main] DEBUG nextflow.Session - Session await
may-31 00:39:55.797 [Actor Thread 9] INFO  nextflow.processor.TaskProcessor - [1b/1a13f9] Cached process > PHASE2_DIVERSITY:DIVERSITY_METRICS:prepare_inputs (prepare_inputs)
may-31 00:39:55.809 [Actor Thread 9] DEBUG nextflow.Session - Cannot invoke "groovyx.gpars.agent.Agent.send(Object)" because "this.writer" is null
java.lang.NullPointerException: Cannot invoke "groovyx.gpars.agent.Agent.send(Object)" because "this.writer" is null
	at nextflow.trace.TraceFileObserver.onTaskCached(TraceFileObserver.groovy:233)
	at nextflow.Session$_notifyTaskCached_lambda30.doCall(Session.groovy:1089)
	at nextflow.Session.notifyEvent(Session.groovy:1151)
	at nextflow.Session.notifyTaskCached(Session.groovy:1089)
	at org.codehaus.groovy.vmplugin.v8.IndyInterface.fromCache(IndyInterface.java:321)
	at nextflow.processor.TaskProcessor.checkCachedOutput(TaskProcessor.groovy:1006)
	at nextflow.processor.TaskProcessor.checkCachedOrLaunchTask(TaskProcessor.groovy:829)
	at org.codehaus.groovy.vmplugin.v8.IndyInterface.fromCache(IndyInterface.java:321)
	at nextflow.processor.TaskProcessor.invokeTask(TaskProcessor.groovy:688)
	at nextflow.processor.InvokeTaskAdapter.call(InvokeTaskAdapter.groovy:52)
	at groovyx.gpars.dataflow.operator.DataflowOperatorActor.startTask(DataflowOperatorActor.java:120)
	at groovyx.gpars.dataflow.operator.ForkingDataflowOperatorActor.access$001(ForkingDataflowOperatorActor.java:35)
	at groovyx.gpars.dataflow.operator.ForkingDataflowOperatorActor$1.run(ForkingDataflowOperatorActor.java:58)
	at java.base/java.util.concurrent.ThreadPoolExecutor.runWorker(ThreadPoolExecutor.java:1144)
	at java.base/java.util.concurrent.ThreadPoolExecutor$Worker.run(ThreadPoolExecutor.java:642)
	at java.base/java.lang.Thread.run(Thread.java:1575)
may-31 00:39:55.851 [Actor Thread 9] DEBUG nextflow.util.ThreadPoolBuilder - Creating thread pool 'PublishDir' minSize=10; maxSize=24; workQueue=LinkedBlockingQueue[-1]; allowCoreThreadTimeout=false
may-31 00:39:55.852 [Actor Thread 4] INFO  nextflow.processor.TaskProcessor - [4a/49d688] Cached process > PHASE2_DIVERSITY:DIVERSITY_METRICS:get_sampling_depth
may-31 00:39:55.855 [Actor Thread 4] DEBUG nextflow.Session - Cannot invoke "groovyx.gpars.agent.Agent.send(Object)" because "this.writer" is null
java.lang.NullPointerException: Cannot invoke "groovyx.gpars.agent.Agent.send(Object)" because "this.writer" is null
	at nextflow.trace.TraceFileObserver.onTaskCached(TraceFileObserver.groovy:233)
	at nextflow.Session$_notifyTaskCached_lambda30.doCall(Session.groovy:1089)
	at nextflow.Session.notifyEvent(Session.groovy:1151)
	at nextflow.Session.notifyTaskCached(Session.groovy:1089)
	at org.codehaus.groovy.vmplugin.v8.IndyInterface.fromCache(IndyInterface.java:321)
	at nextflow.processor.TaskProcessor.checkCachedOutput(TaskProcessor.groovy:1006)
	at nextflow.processor.TaskProcessor.checkCachedOrLaunchTask(TaskProcessor.groovy:829)
	at org.codehaus.groovy.vmplugin.v8.IndyInterface.fromCache(IndyInterface.java:321)
	at nextflow.processor.TaskProcessor.invokeTask(TaskProcessor.groovy:688)
	at nextflow.processor.InvokeTaskAdapter.call(InvokeTaskAdapter.groovy:52)
	at groovyx.gpars.dataflow.operator.DataflowOperatorActor.startTask(DataflowOperatorActor.java:120)
	at groovyx.gpars.dataflow.operator.ForkingDataflowOperatorActor.access$001(ForkingDataflowOperatorActor.java:35)
	at groovyx.gpars.dataflow.operator.ForkingDataflowOperatorActor$1.run(ForkingDataflowOperatorActor.java:58)
	at java.base/java.util.concurrent.ThreadPoolExecutor.runWorker(ThreadPoolExecutor.java:1144)
	at java.base/java.util.concurrent.ThreadPoolExecutor$Worker.run(ThreadPoolExecutor.java:642)
	at java.base/java.lang.Thread.run(Thread.java:1575)
may-31 00:39:55.922 [Actor Thread 6] INFO  nextflow.processor.TaskProcessor - [75/752d8e] Cached process > PHASE2_DIVERSITY:DIVERSITY_METRICS:diversity_analysis (alpha_beta_diversity)
may-31 00:39:55.925 [Actor Thread 6] DEBUG nextflow.Session - Cannot invoke "groovyx.gpars.agent.Agent.send(Object)" because "this.writer" is null
java.lang.NullPointerException: Cannot invoke "groovyx.gpars.agent.Agent.send(Object)" because "this.writer" is null
	at nextflow.trace.TraceFileObserver.onTaskCached(TraceFileObserver.groovy:233)
	at nextflow.Session$_notifyTaskCached_lambda30.doCall(Session.groovy:1089)
	at nextflow.Session.notifyEvent(Session.groovy:1151)
	at nextflow.Session.notifyTaskCached(Session.groovy:1089)
	at org.codehaus.groovy.vmplugin.v8.IndyInterface.fromCache(IndyInterface.java:321)
	at nextflow.processor.TaskProcessor.checkCachedOutput(TaskProcessor.groovy:1006)
	at nextflow.processor.TaskProcessor.checkCachedOrLaunchTask(TaskProcessor.groovy:829)
	at org.codehaus.groovy.vmplugin.v8.IndyInterface.fromCache(IndyInterface.java:321)
	at nextflow.processor.TaskProcessor.invokeTask(TaskProcessor.groovy:688)
	at nextflow.processor.InvokeTaskAdapter.call(InvokeTaskAdapter.groovy:52)
	at groovyx.gpars.dataflow.operator.DataflowOperatorActor.startTask(DataflowOperatorActor.java:120)
	at groovyx.gpars.dataflow.operator.ForkingDataflowOperatorActor.access$001(ForkingDataflowOperatorActor.java:35)
	at groovyx.gpars.dataflow.operator.ForkingDataflowOperatorActor$1.run(ForkingDataflowOperatorActor.java:58)
	at java.base/java.util.concurrent.ThreadPoolExecutor.runWorker(ThreadPoolExecutor.java:1144)
	at java.base/java.util.concurrent.ThreadPoolExecutor$Worker.run(ThreadPoolExecutor.java:642)
	at java.base/java.lang.Thread.run(Thread.java:1575)
may-31 00:39:56.006 [Task submitter] DEBUG n.executor.local.LocalTaskHandler - Launch cmd line: /bin/bash -ue .command.run
may-31 00:39:56.008 [Task submitter] INFO  nextflow.Session - [e9/9d7d24] Submitted process > PHASE2_DIVERSITY:RAREFACTION_THRESHOLD (rarefaction)
may-31 00:44:55.674 [Task monitor] DEBUG n.processor.TaskPollingMonitor - !! executor local > tasks to be completed: 1 -- submitted tasks are shown below
~> TaskHandler[id: 4; name: PHASE2_DIVERSITY:RAREFACTION_THRESHOLD (rarefaction); status: RUNNING; exit: -; error: -; workDir: /data/upfagb/u269208/agb2026/workflows/work/e9/9d7d2454a8da349b675a884175aaff]
may-31 00:49:55.698 [Task monitor] DEBUG n.processor.TaskPollingMonitor - !! executor local > tasks to be completed: 1 -- submitted tasks are shown below
~> TaskHandler[id: 4; name: PHASE2_DIVERSITY:RAREFACTION_THRESHOLD (rarefaction); status: RUNNING; exit: -; error: -; workDir: /data/upfagb/u269208/agb2026/workflows/work/e9/9d7d2454a8da349b675a884175aaff]
may-31 00:54:55.755 [Task monitor] DEBUG n.processor.TaskPollingMonitor - !! executor local > tasks to be completed: 1 -- submitted tasks are shown below
~> TaskHandler[id: 4; name: PHASE2_DIVERSITY:RAREFACTION_THRESHOLD (rarefaction); status: RUNNING; exit: -; error: -; workDir: /data/upfagb/u269208/agb2026/workflows/work/e9/9d7d2454a8da349b675a884175aaff]
may-31 00:59:55.842 [Task monitor] DEBUG n.processor.TaskPollingMonitor - !! executor local > tasks to be completed: 1 -- submitted tasks are shown below
~> TaskHandler[id: 4; name: PHASE2_DIVERSITY:RAREFACTION_THRESHOLD (rarefaction); status: RUNNING; exit: -; error: -; workDir: /data/upfagb/u269208/agb2026/workflows/work/e9/9d7d2454a8da349b675a884175aaff]
may-31 01:04:55.849 [Task monitor] DEBUG n.processor.TaskPollingMonitor - !! executor local > tasks to be completed: 1 -- submitted tasks are shown below
~> TaskHandler[id: 4; name: PHASE2_DIVERSITY:RAREFACTION_THRESHOLD (rarefaction); status: RUNNING; exit: -; error: -; workDir: /data/upfagb/u269208/agb2026/workflows/work/e9/9d7d2454a8da349b675a884175aaff]
may-31 01:07:46.721 [Task monitor] DEBUG n.processor.TaskPollingMonitor - Task completed > TaskHandler[id: 4; name: PHASE2_DIVERSITY:RAREFACTION_THRESHOLD (rarefaction); status: COMPLETED; exit: 0; error: -; workDir: /data/upfagb/u269208/agb2026/workflows/work/e9/9d7d2454a8da349b675a884175aaff]
may-31 01:07:46.724 [Task monitor] DEBUG nextflow.util.ThreadPoolBuilder - Creating thread pool 'TaskFinalizer' minSize=10; maxSize=24; workQueue=LinkedBlockingQueue[-1]; allowCoreThreadTimeout=false
may-31 01:07:46.834 [main] DEBUG nextflow.Session - Session await > all processes finished
may-31 01:07:46.839 [TaskFinalizer-1] DEBUG nextflow.Session - Cannot invoke "groovyx.gpars.agent.Agent.send(Object)" because "this.writer" is null
java.lang.NullPointerException: Cannot invoke "groovyx.gpars.agent.Agent.send(Object)" because "this.writer" is null
	at nextflow.trace.TraceFileObserver.onTaskComplete(TraceFileObserver.groovy:219)
	at nextflow.Session$_notifyTaskComplete_lambda28.doCall(Session.groovy:1077)
	at nextflow.Session.notifyEvent(Session.groovy:1151)
	at nextflow.Session.notifyTaskComplete(Session.groovy:1077)
	at nextflow.processor.TaskPollingMonitor.finalizeTask(TaskPollingMonitor.groovy:749)
	at nextflow.processor.TaskPollingMonitor.safeFinalizeTask(TaskPollingMonitor.groovy:736)
	at java.base/jdk.internal.reflect.DirectMethodHandleAccessor.invoke(DirectMethodHandleAccessor.java:103)
	at java.base/java.lang.reflect.Method.invoke(Method.java:580)
	at org.codehaus.groovy.reflection.CachedMethod.invoke(CachedMethod.java:343)
	at groovy.lang.MetaMethod.doMethodInvoke(MetaMethod.java:328)
	at groovy.lang.MetaClassImpl.doInvokeMethod(MetaClassImpl.java:1339)
	at groovy.lang.MetaClassImpl.invokeMethod(MetaClassImpl.java:1094)
	at groovy.lang.MetaClassImpl.invokeMethod(MetaClassImpl.java:1007)
	at org.codehaus.groovy.runtime.InvokerHelper.invokePogoMethod(InvokerHelper.java:645)
	at org.codehaus.groovy.runtime.InvokerHelper.invokeMethod(InvokerHelper.java:628)
	at org.codehaus.groovy.runtime.InvokerHelper.invokeMethodSafe(InvokerHelper.java:82)
	at nextflow.processor.TaskPollingMonitor$_checkTaskStatus_lambda8.doCall(TaskPollingMonitor.groovy:726)
	at java.base/java.util.concurrent.Executors$RunnableAdapter.call(Executors.java:572)
	at java.base/java.util.concurrent.FutureTask.run(FutureTask.java:317)
	at java.base/java.util.concurrent.ThreadPoolExecutor.runWorker(ThreadPoolExecutor.java:1144)
	at java.base/java.util.concurrent.ThreadPoolExecutor$Worker.run(ThreadPoolExecutor.java:642)
	at java.base/java.lang.Thread.run(Thread.java:1575)
may-31 01:07:46.920 [Task monitor] DEBUG n.processor.TaskPollingMonitor - <<< barrier arrives (monitor: local) - terminating tasks monitor poll loop
may-31 01:07:46.922 [main] DEBUG nextflow.Session - Session await > all barriers passed
may-31 01:07:46.925 [main] DEBUG nextflow.util.ThreadPoolManager - Thread pool 'TaskFinalizer' shutdown completed (hard=false)
may-31 01:07:46.980 [main] DEBUG nextflow.util.ThreadPoolManager - Thread pool 'PublishDir' shutdown completed (hard=false)
may-31 01:07:46.986 [main] DEBUG n.trace.WorkflowStatsObserver - Workflow completed > WorkflowStats[succeededCount=1; failedCount=0; ignoredCount=0; cachedCount=3; pendingCount=0; submittedCount=0; runningCount=0; retriesCount=0; abortedCount=0; succeedDuration=1h 50m 38s; failedDuration=0ms; cachedDuration=39m 10s;loadCpus=0; loadMemory=0; peakRunning=1; peakCpus=4; peakMemory=8 GB; ]
may-31 01:07:47.149 [main] DEBUG nextflow.trace.ReportObserver - Workflow completed -- rendering execution report
may-31 01:07:47.500 [main] WARN  nextflow.trace.ReportObserver - Failed to render execution report -- see the log file for details
nextflow.exception.AbortOperationException: Report file already exists: logs/report.html -- enable the 'report.overwrite' option in your config file to overwrite existing files
	at nextflow.trace.TraceHelper.newFileWriter(TraceHelper.groovy:67)
	at nextflow.trace.ReportObserver.renderHtml(ReportObserver.groovy:243)
	at nextflow.trace.ReportObserver.onFlowComplete(ReportObserver.groovy:129)
	at nextflow.Session$_notifyFlowComplete_lambda39.doCall(Session.groovy:1121)
	at nextflow.Session.notifyEvent(Session.groovy:1151)
	at nextflow.Session.notifyFlowComplete(Session.groovy:1121)
	at nextflow.Session.shutdown0(Session.groovy:779)
	at nextflow.Session.destroy(Session.groovy:724)
	at nextflow.script.ScriptRunner.shutdown(ScriptRunner.groovy:263)
	at nextflow.script.ScriptRunner.execute(ScriptRunner.groovy:147)
	at nextflow.cli.CmdRun.run(CmdRun.groovy:429)
	at nextflow.cli.Launcher.run(Launcher.groovy:515)
	at nextflow.cli.Launcher.main(Launcher.groovy:675)
Caused by: java.nio.file.FileAlreadyExistsException: logs/report.html
	at java.base/sun.nio.fs.UnixException.translateToIOException(UnixException.java:94)
	at java.base/sun.nio.fs.UnixException.rethrowAsIOException(UnixException.java:106)
	at java.base/sun.nio.fs.UnixException.rethrowAsIOException(UnixException.java:111)
	at java.base/sun.nio.fs.UnixFileSystemProvider.newByteChannel(UnixFileSystemProvider.java:262)
	at java.base/java.nio.file.spi.FileSystemProvider.newOutputStream(FileSystemProvider.java:482)
	at java.base/java.nio.file.Files.newOutputStream(Files.java:228)
	at java.base/java.nio.file.Files.newBufferedWriter(Files.java:3012)
	at nextflow.trace.TraceHelper.newFileWriter(TraceHelper.groovy:64)
	... 12 common frames omitted
may-31 01:07:47.505 [main] DEBUG nextflow.trace.TraceFileObserver - Workflow completed -- saving trace file
may-31 01:07:47.506 [main] DEBUG nextflow.Session - Cannot invoke "groovyx.gpars.agent.Agent.await()" because "this.writer" is null
java.lang.NullPointerException: Cannot invoke "groovyx.gpars.agent.Agent.await()" because "this.writer" is null
	at nextflow.trace.TraceFileObserver.onFlowComplete(TraceFileObserver.groovy:189)
	at nextflow.Session$_notifyFlowComplete_lambda39.doCall(Session.groovy:1121)
	at nextflow.Session.notifyEvent(Session.groovy:1151)
	at nextflow.Session.notifyFlowComplete(Session.groovy:1121)
	at nextflow.Session.shutdown0(Session.groovy:779)
	at nextflow.Session.destroy(Session.groovy:724)
	at nextflow.script.ScriptRunner.shutdown(ScriptRunner.groovy:263)
	at nextflow.script.ScriptRunner.execute(ScriptRunner.groovy:147)
	at nextflow.cli.CmdRun.run(CmdRun.groovy:429)
	at nextflow.cli.Launcher.run(Launcher.groovy:515)
	at nextflow.cli.Launcher.main(Launcher.groovy:675)
may-31 01:07:47.520 [main] DEBUG nextflow.cache.CacheDB - Closing CacheDB done
may-31 01:07:47.576 [main] DEBUG nextflow.util.ThreadPoolManager - Thread pool 'FileTransfer' shutdown completed (hard=false)
may-31 01:07:47.578 [main] DEBUG nextflow.script.ScriptRunner - > Execution complete -- Goodbye
