Read 58 samples for shannon
Read 58 samples for observed_features
Read 58 samples for faith_pd
Read 74 samples for simpson
/opt/conda/envs/qiime2-amplicon-2026.1/lib/python3.10/site-packages/unifrac/__init__.py:9: UserWarning: pkg_resources is deprecated as an API. See https://setuptools.pypa.io/en/latest/pkg_resources.html. The pkg_resources package is slated for removal as early as 2025-11-30. Refrain from using this package or pin to Setuptools<81.
  import pkg_resources
Saved Visualization to: rarefaction_output/rarefaction_curves.qzv
[INFO] Step 1/5 Extracting rarefaction curves...
[INFO] Extracting curves from rarefaction_output/rarefaction_curves.qzv (metric: observed_features)
[INFO] 58 samples x 20 depths (1 to 6904 reads)
[INFO] Step 2/5 Finding plateau depth for each sample...
[INFO] Plateaus: min=727  median=1454  max=1817  NaN=0
[INFO] Step 3/5 Selecting threshold (method=coverage)...
[INFO] threshold = 1454 reads
[INFO] Retained 55 / 58 (dropped 5.2%)
[INFO] Step 4/5 Loading alpha diversity tables...
[INFO] Loaded shannon (58 samples)
[INFO] Loaded observed_features (58 samples)
[INFO] Loaded faith_pd (58 samples)
[INFO] Loaded simpson (74 samples)
[INFO] Step 5/5 Saving outputs...
[INFO] Saved rarefaction_curves.png
[INFO] Saved plateau_depth_distribution.png
[INFO] Saved module1_diversity_by_retention.png
[INFO] Done. Output in: rarefaction_output
=== Rarefaction threshold selection ===
Date      : 2026-05-29T09:41:31.111945
Method    : coverage
Metric    : observed_features
Threshold : 1,454 reads
Total     : 58 samples
Retained  : 55
Excluded  : 3 (5.2%)
  too shallow: 0

Output files:
  rarefaction_threshold.txt          -- use this in qiime feature-table rarefy
  samples_to_keep.tsv                -- sample list for qiime filter-samples
  sample_qc.tsv                      -- per-sample plateau depth + pass/fail
  summary.json
  rarefaction_curves.png
  plateau_depth_distribution.png
  module1_diversity_by_retention.png
/opt/conda/envs/qiime2-amplicon-2026.1/lib/python3.10/site-packages/unifrac/__init__.py:9: UserWarning: pkg_resources is deprecated as an API. See https://setuptools.pypa.io/en/latest/pkg_resources.html. The pkg_resources package is slated for removal as early as 2025-11-30. Refrain from using this package or pin to Setuptools<81.
  import pkg_resources
Saved FeatureTable[Frequency] to: rarefaction_output/filtered_table.qza
/opt/conda/envs/qiime2-amplicon-2026.1/lib/python3.10/site-packages/unifrac/__init__.py:9: UserWarning: pkg_resources is deprecated as an API. See https://setuptools.pypa.io/en/latest/pkg_resources.html. The pkg_resources package is slated for removal as early as 2025-11-30. Refrain from using this package or pin to Setuptools<81.
  import pkg_resources
Saved FeatureTable[Frequency] to: rarefaction_output/rarefied_table.qza
/opt/conda/envs/qiime2-amplicon-2026.1/lib/python3.10/site-packages/unifrac/__init__.py:9: UserWarning: pkg_resources is deprecated as an API. See https://setuptools.pypa.io/en/latest/pkg_resources.html. The pkg_resources package is slated for removal as early as 2025-11-30. Refrain from using this package or pin to Setuptools<81.
  import pkg_resources
Saved FeatureTable[Frequency] to: final_diversity/core_metrics/rarefied_table.qza
Saved SampleData[AlphaDiversity] to: final_diversity/core_metrics/faith_pd_vector.qza
Saved SampleData[AlphaDiversity] to: final_diversity/core_metrics/observed_features_vector.qza
Saved SampleData[AlphaDiversity] to: final_diversity/core_metrics/shannon_vector.qza
Saved SampleData[AlphaDiversity] to: final_diversity/core_metrics/evenness_vector.qza
Saved DistanceMatrix to: final_diversity/core_metrics/unweighted_unifrac_distance_matrix.qza
Saved DistanceMatrix to: final_diversity/core_metrics/weighted_unifrac_distance_matrix.qza
Saved DistanceMatrix to: final_diversity/core_metrics/jaccard_distance_matrix.qza
Saved DistanceMatrix to: final_diversity/core_metrics/bray_curtis_distance_matrix.qza
Saved PCoAResults to: final_diversity/core_metrics/unweighted_unifrac_pcoa_results.qza
Saved PCoAResults to: final_diversity/core_metrics/weighted_unifrac_pcoa_results.qza
Saved PCoAResults to: final_diversity/core_metrics/jaccard_pcoa_results.qza
Saved PCoAResults to: final_diversity/core_metrics/bray_curtis_pcoa_results.qza
Saved Visualization to: final_diversity/core_metrics/unweighted_unifrac_emperor.qzv
Saved Visualization to: final_diversity/core_metrics/weighted_unifrac_emperor.qzv
Saved Visualization to: final_diversity/core_metrics/jaccard_emperor.qzv
Saved Visualization to: final_diversity/core_metrics/bray_curtis_emperor.qzv
/opt/conda/envs/qiime2-amplicon-2026.1/lib/python3.10/site-packages/unifrac/__init__.py:9: UserWarning: pkg_resources is deprecated as an API. See https://setuptools.pypa.io/en/latest/pkg_resources.html. The pkg_resources package is slated for removal as early as 2025-11-30. Refrain from using this package or pin to Setuptools<81.
  import pkg_resources
Saved SampleData[AlphaDiversity] to: final_diversity/core_metrics/simpson_vector.qza
/opt/conda/envs/qiime2-amplicon-2026.1/lib/python3.10/site-packages/unifrac/__init__.py:9: UserWarning: pkg_resources is deprecated as an API. See https://setuptools.pypa.io/en/latest/pkg_resources.html. The pkg_resources package is slated for removal as early as 2025-11-30. Refrain from using this package or pin to Setuptools<81.
  import pkg_resources
Exported final_diversity/core_metrics/shannon_vector.qza as AlphaDiversityDirectoryFormat to directory final_diversity/diversity_table/shannon
/opt/conda/envs/qiime2-amplicon-2026.1/lib/python3.10/site-packages/unifrac/__init__.py:9: UserWarning: pkg_resources is deprecated as an API. See https://setuptools.pypa.io/en/latest/pkg_resources.html. The pkg_resources package is slated for removal as early as 2025-11-30. Refrain from using this package or pin to Setuptools<81.
  import pkg_resources
Exported final_diversity/core_metrics/observed_features_vector.qza as AlphaDiversityDirectoryFormat to directory final_diversity/diversity_table/observed
/opt/conda/envs/qiime2-amplicon-2026.1/lib/python3.10/site-packages/unifrac/__init__.py:9: UserWarning: pkg_resources is deprecated as an API. See https://setuptools.pypa.io/en/latest/pkg_resources.html. The pkg_resources package is slated for removal as early as 2025-11-30. Refrain from using this package or pin to Setuptools<81.
  import pkg_resources
Exported final_diversity/core_metrics/faith_pd_vector.qza as AlphaDiversityDirectoryFormat to directory final_diversity/diversity_table/faith
/opt/conda/envs/qiime2-amplicon-2026.1/lib/python3.10/site-packages/unifrac/__init__.py:9: UserWarning: pkg_resources is deprecated as an API. See https://setuptools.pypa.io/en/latest/pkg_resources.html. The pkg_resources package is slated for removal as early as 2025-11-30. Refrain from using this package or pin to Setuptools<81.
  import pkg_resources
Exported final_diversity/core_metrics/simpson_vector.qza as AlphaDiversityDirectoryFormat to directory final_diversity/diversity_table/simpson
/opt/conda/envs/qiime2-amplicon-2026.1/lib/python3.10/site-packages/unifrac/__init__.py:9: UserWarning: pkg_resources is deprecated as an API. See https://setuptools.pypa.io/en/latest/pkg_resources.html. The pkg_resources package is slated for removal as early as 2025-11-30. Refrain from using this package or pin to Setuptools<81.
  import pkg_resources
Exported final_diversity/core_metrics/weighted_unifrac_distance_matrix.qza as DistanceMatrixDirectoryFormat to directory final_diversity/diversity_table/weighted_unifrac
/opt/conda/envs/qiime2-amplicon-2026.1/lib/python3.10/site-packages/unifrac/__init__.py:9: UserWarning: pkg_resources is deprecated as an API. See https://setuptools.pypa.io/en/latest/pkg_resources.html. The pkg_resources package is slated for removal as early as 2025-11-30. Refrain from using this package or pin to Setuptools<81.
  import pkg_resources
Exported final_diversity/core_metrics/bray_curtis_distance_matrix.qza as DistanceMatrixDirectoryFormat to directory final_diversity/diversity_table/bray_curtis
