may-23 13:33:05.269 [main] DEBUG nextflow.cli.Launcher - Setting HTTP proxy: ProxyConfig[protocol=http; host=192.168.255.254; port=8080]
may-23 13:33:05.334 [main] DEBUG nextflow.cli.Launcher - Setting HTTPS proxy: ProxyConfig[protocol=https; host=192.168.255.254; port=8080]
may-23 13:33:05.336 [main] DEBUG nextflow.cli.Launcher - Setting FTP proxy: ProxyConfig[protocol=ftp; host=192.168.255.254; port=8080]
may-23 13:33:05.338 [main] DEBUG nextflow.cli.Launcher - Setting http proxy: ProxyConfig[protocol=http; host=192.168.255.254; port=8080]
may-23 13:33:05.339 [main] DEBUG nextflow.cli.Launcher - Setting https proxy: ProxyConfig[protocol=https; host=192.168.255.254; port=8080]
may-23 13:33:05.340 [main] DEBUG nextflow.cli.Launcher - Setting ftp proxy: ProxyConfig[protocol=ftp; host=192.168.255.254; port=8080]
may-23 13:33:05.342 [main] DEBUG nextflow.cli.Launcher - $> nextflow run diversity_analysis.nf --data_dir ./data --outdir results
may-23 13:33:05.395 [main] DEBUG nextflow.cli.CmdRun - N E X T F L O W  ~  version 25.10.2
may-23 13:33:05.484 [main] DEBUG nextflow.plugin.PluginsFacade - Setting up plugin manager > mode=prod; embedded=false; plugins-dir=/data/upfagb/u269208/.nextflow/plugins; core-plugins: nf-amazon@3.4.2,nf-azure@1.20.2,nf-cloudcache@0.5.0,nf-codecommit@0.5.0,nf-console@1.3.0,nf-google@1.23.3,nf-k8s@1.2.2,nf-tower@1.17.3,nf-wave@1.16.1
may-23 13:33:05.514 [main] INFO  o.pf4j.DefaultPluginStatusProvider - Enabled plugins: []
may-23 13:33:05.517 [main] INFO  o.pf4j.DefaultPluginStatusProvider - Disabled plugins: []
may-23 13:33:05.520 [main] INFO  org.pf4j.DefaultPluginManager - PF4J version 3.12.0 in 'deployment' mode
may-23 13:33:05.531 [main] DEBUG nextflow.util.RetryConfig - Missing nextflow session - using default retry config
may-23 13:33:05.618 [main] INFO  org.pf4j.AbstractPluginManager - No plugins
may-23 13:33:05.640 [main] DEBUG nextflow.config.ConfigBuilder - Found config local: /data/upfagb/u269208/agb2026_try/groupC/module_diversity_metrics/nextflow.config
may-23 13:33:05.642 [main] DEBUG nextflow.config.ConfigBuilder - Parsing config file: /data/upfagb/u269208/agb2026_try/groupC/module_diversity_metrics/nextflow.config
may-23 13:33:05.660 [main] DEBUG nextflow.config.ConfigBuilder - Applying config profile: `standard`
may-23 13:33:06.004 [main] DEBUG nextflow.plugin.PluginsFacade - Plugins default=[]
may-23 13:33:06.006 [main] DEBUG nextflow.plugin.PluginsFacade - Plugins resolved requirement=[]
may-23 13:33:06.016 [main] DEBUG n.secret.LocalSecretsProvider - Secrets store: /data/upfagb/u269208/.nextflow/secrets/store.json
may-23 13:33:06.019 [main] DEBUG nextflow.secret.SecretsLoader - Discovered secrets providers: [nextflow.secret.LocalSecretsProvider@7d979d34] - activable => nextflow.secret.LocalSecretsProvider@7d979d34
may-23 13:33:06.042 [main] DEBUG nextflow.cli.CmdRun - Applied DSL=2 by global default
may-23 13:33:06.054 [main] DEBUG nextflow.cli.CmdRun - Launching `diversity_analysis.nf` [agitated_descartes] DSL2 - revision: d465d2f03c
may-23 13:33:06.088 [main] DEBUG nextflow.Session - Session UUID: 87cda2aa-b910-4217-a658-30692385b267
may-23 13:33:06.089 [main] DEBUG nextflow.Session - Run name: agitated_descartes
may-23 13:33:06.090 [main] DEBUG nextflow.Session - Executor pool size: 4
may-23 13:33:06.097 [main] DEBUG nextflow.file.FilePorter - File porter settings maxRetries=3; maxTransfers=50; pollTimeout=null
may-23 13:33:06.101 [main] DEBUG nextflow.util.ThreadPoolBuilder - Creating thread pool 'FileTransfer' minSize=10; maxSize=12; workQueue=LinkedBlockingQueue[-1]; allowCoreThreadTimeout=false
may-23 13:33:06.119 [main] DEBUG nextflow.cli.CmdRun - 
  Version: 25.10.2 build 10555
  Created: 28-11-2025 19:24 UTC (20:24 CEST)
  System: Linux 4.18.0-513.11.1.el8_9.x86_64
  Runtime: Groovy 4.0.28 on Java HotSpot(TM) 64-Bit Server VM 23.0.1+11-39
  Encoding: UTF-8 (UTF-8)
  Process: 2520856@amd20 [192.168.131.48]
  CPUs: 4 - Mem: 8 GB (7.8 GB) - Swap: 0 (0)
may-23 13:33:06.142 [main] DEBUG nextflow.Session - Work-dir: /data/upfagb/u269208/agb2026_try/groupC/module_diversity_metrics/work [nfs]
may-23 13:33:06.145 [main] DEBUG nextflow.Session - Script base path does not exist or is not a directory: /data/upfagb/u269208/agb2026_try/groupC/module_diversity_metrics/bin
may-23 13:33:06.155 [main] DEBUG nextflow.executor.ExecutorFactory - Extension executors providers=[]
may-23 13:33:06.185 [main] DEBUG nextflow.Session - Observer factory (v2): LinObserverFactory
may-23 13:33:06.188 [main] DEBUG nextflow.Session - Observer factory (v2): DefaultObserverFactory
may-23 13:33:06.215 [main] DEBUG nextflow.cache.CacheFactory - Using Nextflow cache factory: nextflow.cache.DefaultCacheFactory
may-23 13:33:06.222 [main] DEBUG nextflow.util.CustomThreadPool - Creating default thread pool > poolSize: 5; maxThreads: 1000
may-23 13:33:06.327 [main] DEBUG nextflow.Session - Session start
may-23 13:33:06.563 [main] DEBUG nextflow.script.ScriptRunner - > Launching execution
may-23 13:33:06.628 [main] DEBUG n.script.dsl.ProcessConfigBuilder - Config settings `withName:get_sampling_depth` matches process get_sampling_depth
may-23 13:33:06.640 [main] DEBUG nextflow.executor.ExecutorFactory - << taskConfig executor: null
may-23 13:33:06.641 [main] DEBUG nextflow.executor.ExecutorFactory - >> processorType: 'local'
may-23 13:33:06.649 [main] DEBUG nextflow.executor.Executor - [warm up] executor > local
may-23 13:33:06.664 [main] DEBUG n.processor.LocalPollingMonitor - Creating local task monitor for executor 'local' > cpus=4; memory=8 GB; capacity=4; pollInterval=100ms; dumpInterval=5m
may-23 13:33:06.666 [main] DEBUG n.processor.TaskPollingMonitor - >>> barrier register (monitor: local)
may-23 13:33:06.683 [main] DEBUG nextflow.processor.TaskProcessor - Creating process 'get_sampling_depth': maxForks=0; fair=false; array=0
may-23 13:33:06.725 [main] DEBUG n.script.dsl.ProcessConfigBuilder - Config settings `withName:diversity_analysis` matches process diversity_analysis
may-23 13:33:06.730 [main] DEBUG nextflow.executor.ExecutorFactory - << taskConfig executor: null
may-23 13:33:06.731 [main] DEBUG nextflow.executor.ExecutorFactory - >> processorType: 'local'
may-23 13:33:06.733 [main] DEBUG nextflow.processor.TaskProcessor - Creating process 'diversity_analysis': maxForks=0; fair=false; array=0
may-23 13:33:06.737 [main] DEBUG nextflow.Session - Workflow process names [dsl2]: get_sampling_depth, diversity_analysis
may-23 13:33:06.740 [main] DEBUG nextflow.Session - Igniting dataflow network (2)
may-23 13:33:06.741 [main] DEBUG nextflow.processor.TaskProcessor - Starting process > get_sampling_depth
may-23 13:33:06.743 [main] DEBUG nextflow.processor.TaskProcessor - Starting process > diversity_analysis
may-23 13:33:06.746 [main] DEBUG nextflow.script.ScriptRunner - Parsed script files:
  Script_6e7a3c81bbc86401: /data/upfagb/u269208/agb2026_try/groupC/module_diversity_metrics/diversity_analysis.nf
may-23 13:33:06.748 [main] DEBUG nextflow.script.ScriptRunner - > Awaiting termination 
may-23 13:33:06.749 [main] DEBUG nextflow.Session - Session await
may-23 13:33:06.800 [Actor Thread 4] DEBUG nextflow.conda.CondaCache - conda found local env for environment=/data/upfagb/.conda/envs/qiime2-amplicon-2026.1; path=/data/upfagb/.conda/envs/qiime2-amplicon-2026.1
may-23 13:33:06.868 [Task submitter] DEBUG n.executor.local.LocalTaskHandler - Launch cmd line: /bin/bash -ue .command.run
may-23 13:33:06.870 [Task submitter] INFO  nextflow.Session - [2b/27a9af] Submitted process > get_sampling_depth
may-23 13:33:46.838 [Task monitor] DEBUG n.processor.TaskPollingMonitor - Task completed > TaskHandler[id: 1; name: get_sampling_depth; status: COMPLETED; exit: 0; error: -; workDir: /data/upfagb/u269208/agb2026_try/groupC/module_diversity_metrics/work/2b/27a9af1b99c67e566963066e0d7c47]
may-23 13:33:46.840 [Task monitor] DEBUG nextflow.util.ThreadPoolBuilder - Creating thread pool 'TaskFinalizer' minSize=10; maxSize=12; workQueue=LinkedBlockingQueue[-1]; allowCoreThreadTimeout=false
may-23 13:33:46.905 [Task submitter] DEBUG n.executor.local.LocalTaskHandler - Launch cmd line: /bin/bash -ue .command.run
may-23 13:33:46.906 [Task submitter] INFO  nextflow.Session - [60/faef1e] Submitted process > diversity_analysis (alpha_beta_diversity)
may-23 13:38:06.809 [Task monitor] DEBUG n.processor.TaskPollingMonitor - !! executor local > tasks to be completed: 1 -- submitted tasks are shown below
~> TaskHandler[id: 2; name: diversity_analysis (alpha_beta_diversity); status: RUNNING; exit: -; error: -; workDir: /data/upfagb/u269208/agb2026_try/groupC/module_diversity_metrics/work/60/faef1e5a2c5ee9177415bd6aa40402]
may-23 13:38:31.863 [Task monitor] DEBUG n.processor.TaskPollingMonitor - Task completed > TaskHandler[id: 2; name: diversity_analysis (alpha_beta_diversity); status: COMPLETED; exit: 0; error: -; workDir: /data/upfagb/u269208/agb2026_try/groupC/module_diversity_metrics/work/60/faef1e5a2c5ee9177415bd6aa40402]
may-23 13:38:31.943 [TaskFinalizer-2] DEBUG nextflow.util.ThreadPoolBuilder - Creating thread pool 'PublishDir' minSize=10; maxSize=12; workQueue=LinkedBlockingQueue[-1]; allowCoreThreadTimeout=false
may-23 13:38:31.970 [main] DEBUG nextflow.Session - Session await > all processes finished
may-23 13:38:32.064 [Task monitor] DEBUG n.processor.TaskPollingMonitor - <<< barrier arrives (monitor: local) - terminating tasks monitor poll loop
may-23 13:38:32.065 [main] DEBUG nextflow.Session - Session await > all barriers passed
may-23 13:38:32.068 [main] DEBUG nextflow.util.ThreadPoolManager - Thread pool 'TaskFinalizer' shutdown completed (hard=false)
may-23 13:38:32.079 [main] DEBUG nextflow.util.ThreadPoolManager - Thread pool 'PublishDir' shutdown completed (hard=false)
may-23 13:38:32.086 [main] DEBUG n.trace.WorkflowStatsObserver - Workflow completed > WorkflowStats[succeededCount=2; failedCount=0; ignoredCount=0; cachedCount=0; pendingCount=0; submittedCount=0; runningCount=0; retriesCount=0; abortedCount=0; succeedDuration=19m 40s; failedDuration=0ms; cachedDuration=0ms;loadCpus=0; loadMemory=0; peakRunning=1; peakCpus=4; peakMemory=8 GB; ]
may-23 13:38:32.156 [main] DEBUG nextflow.cache.CacheDB - Closing CacheDB done
may-23 13:38:32.181 [main] DEBUG nextflow.util.ThreadPoolManager - Thread pool 'FileTransfer' shutdown completed (hard=false)
may-23 13:38:32.182 [main] DEBUG nextflow.script.ScriptRunner - > Execution complete -- Goodbye
