May-29 11:39:29.496 [main] DEBUG nextflow.cli.Launcher - $> nextflow run select_rarefaction.nf --diversity_metrics_dir ../module_diversity_metrics --outdir ./results -with-report logs/report.html -with-trace logs/trace.txt
May-29 11:39:29.590 [main] DEBUG nextflow.cli.CmdRun - N E X T F L O W  ~  version 26.04.1
May-29 11:39:29.636 [main] DEBUG nextflow.plugin.PluginsFacade - Setting up plugin manager > mode=prod; embedded=false; plugins-dir=/home/nuria/.nextflow/plugins; core-plugins: nf-amazon@3.9.1,nf-azure@1.22.3,nf-cloudcache@0.6.0,nf-codecommit@0.5.2,nf-console@1.3.0,nf-google@1.27.2,nf-k8s@1.5.2,nf-seqera@0.19.1,nf-tower@1.27.0,nf-wave@1.20.0
May-29 11:39:29.668 [main] INFO  o.pf4j.DefaultPluginStatusProvider - Enabled plugins: []
May-29 11:39:29.669 [main] INFO  o.pf4j.DefaultPluginStatusProvider - Disabled plugins: []
May-29 11:39:29.673 [main] INFO  org.pf4j.DefaultPluginManager - PF4J version 3.14.1 in 'deployment' mode
May-29 11:39:29.695 [main] DEBUG nextflow.util.RetryConfig - Missing nextflow session - using default retry config
May-29 11:39:29.872 [main] DEBUG nextflow.plugin.PluginUpdater - Using plugin repository: HttpPluginRepository [registry]; url=https://registry.nextflow.io/api
May-29 11:39:29.879 [main] INFO  org.pf4j.AbstractPluginManager - No plugins
May-29 11:39:29.911 [main] DEBUG nextflow.config.ConfigBuilder - Found config local: /home/nuria/Documents/AGB/project/agb2026/modules/groupC/phase2_diversity_analysis/module_rarefaction/nextflow.config
May-29 11:39:29.914 [main] DEBUG nextflow.config.ConfigBuilder - Parsing config file: /home/nuria/Documents/AGB/project/agb2026/modules/groupC/phase2_diversity_analysis/module_rarefaction/nextflow.config
May-29 11:39:29.917 [main] DEBUG nextflow.config.ConfigParserFactory - Using config parser v2
May-29 11:39:29.932 [main] DEBUG nextflow.config.ConfigBuilder - Applying config profile: `standard`
May-29 11:39:30.341 [main] DEBUG nextflow.plugin.PluginsFacade - Plugins default=[]
May-29 11:39:30.342 [main] DEBUG nextflow.plugin.PluginsFacade - Plugins resolved requirement=[]
May-29 11:39:30.360 [main] DEBUG n.secret.LocalSecretsProvider - Secrets store: /home/nuria/.nextflow/secrets/store.json
May-29 11:39:30.364 [main] DEBUG nextflow.secret.SecretsLoader - Discovered secrets providers: [nextflow.secret.LocalSecretsProvider@534e58b6] - activable => nextflow.secret.LocalSecretsProvider@534e58b6
May-29 11:39:30.381 [main] DEBUG nextflow.cli.CmdRun - Launching `select_rarefaction.nf` [shrivelled_yonath] - revision: c9dbbebbe7
May-29 11:39:30.475 [main] DEBUG nextflow.Session - Session UUID: 6823d7dd-6f57-4eb9-a5ca-5861b35ef144
May-29 11:39:30.476 [main] DEBUG nextflow.Session - Run name: shrivelled_yonath
May-29 11:39:30.476 [main] DEBUG nextflow.Session - Executor pool size: 16
May-29 11:39:30.488 [main] DEBUG nextflow.file.FilePorter - File porter settings maxRetries=3; maxTransfers=50; pollTimeout=null
May-29 11:39:30.496 [main] DEBUG nextflow.util.ThreadPoolBuilder - Creating thread pool 'FileTransfer' minSize=10; maxSize=48; workQueue=LinkedBlockingQueue[-1]; allowCoreThreadTimeout=false
May-29 11:39:30.526 [main] DEBUG nextflow.cli.CmdRun - 
  Version: 26.04.1 build 12112
  Created: 11-05-2026 13:29 UTC (15:29 CEST)
  System: Linux 6.17.0-29-generic
  Runtime: Groovy 4.0.31 on OpenJDK 64-Bit Server VM 21.0.10+7-Ubuntu-124.04
  Encoding: UTF-8 (UTF-8)
  Process: 8455@nuria-ROG-Flow-X13-GV301RC [127.0.1.1]
  CPUs: 16 - Mem: 14.9 GB (3.9 GB) - Swap: 15.2 GB (15.2 GB)
May-29 11:39:30.551 [main] DEBUG nextflow.Session - Work-dir: /home/nuria/Documents/AGB/project/agb2026/modules/groupC/phase2_diversity_analysis/module_rarefaction/work [ext2/ext3]
May-29 11:39:30.552 [main] DEBUG nextflow.Session - Script base path does not exist or is not a directory: /home/nuria/Documents/AGB/project/agb2026/modules/groupC/phase2_diversity_analysis/module_rarefaction/bin
May-29 11:39:30.561 [main] DEBUG nextflow.executor.ExecutorFactory - Extension executors providers=[]
May-29 11:39:30.570 [main] DEBUG nextflow.Session - Observer factory (v2): LinObserverFactory
May-29 11:39:30.571 [main] DEBUG nextflow.Session - Observer factory (v2): DefaultObserverFactory
May-29 11:39:30.600 [main] DEBUG nextflow.cache.CacheFactory - Using Nextflow cache factory: nextflow.cache.DefaultCacheFactory
May-29 11:39:30.610 [main] DEBUG nextflow.util.CustomThreadPool - Creating default thread pool > poolSize: 17; maxThreads: 1000
May-29 11:39:30.673 [main] DEBUG nextflow.Session - Session start
May-29 11:39:30.680 [main] DEBUG nextflow.Session - Report file already exists: logs/report.html -- enable the 'report.overwrite' option in your config file to overwrite existing files
nextflow.exception.AbortOperationException: Report file already exists: logs/report.html -- enable the 'report.overwrite' option in your config file to overwrite existing files
	at nextflow.trace.ReportObserver.onFlowCreate(ReportObserver.groovy:119)
	at nextflow.Session$_notifyFlowCreate_lambda33.doCall(Session.groovy:1079)
	at nextflow.Session.notifyEvent(Session.groovy:1123)
	at nextflow.Session.notifyFlowCreate(Session.groovy:1079)
	at nextflow.Session.start(Session.groovy:606)
	at nextflow.script.ScriptRunner.execute(ScriptRunner.groovy:122)
	at nextflow.cli.CmdRun.run(CmdRun.groovy:442)
	at nextflow.cli.Launcher.run(Launcher.groovy:526)
	at nextflow.cli.Launcher.main(Launcher.groovy:686)
May-29 11:39:30.681 [main] DEBUG nextflow.trace.TraceFileObserver - Workflow started -- trace file: logs/trace.txt
May-29 11:39:30.682 [main] WARN  nextflow.trace.TraceFileObserver - Failed to create trace file: logs/trace.txt -- Trace file already exists: logs/trace.txt -- enable the 'trace.overwrite' option in your config file to overwrite existing files
May-29 11:39:30.683 [main] DEBUG nextflow.script.ScriptLoaderFactory - Using script parser v2
May-29 11:39:31.149 [main] DEBUG nextflow.script.ScriptRunner - > Launching execution
May-29 11:39:31.193 [main] WARN  nextflow.script.ScriptBinding - Access to undefined parameter `qiime2_conda_env` -- Initialise it to a default value eg. `params.qiime2_conda_env = some_value`
May-29 11:39:31.421 [main] DEBUG n.script.dsl.ProcessConfigBuilder - Config settings `withName:RAREFACTION_THRESHOLD` matches process RAREFACTION_THRESHOLD
May-29 11:39:31.431 [main] DEBUG nextflow.executor.ExecutorFactory - << taskConfig executor: null
May-29 11:39:31.432 [main] DEBUG nextflow.executor.ExecutorFactory - >> processorType: 'local'
May-29 11:39:31.447 [main] DEBUG nextflow.executor.Executor - [warm up] executor > local
May-29 11:39:31.461 [main] DEBUG n.processor.LocalPollingMonitor - Creating local task monitor for executor 'local' > cpus=16; memory=14.9 GB; capacity=16; pollInterval=100ms; dumpInterval=5m
May-29 11:39:31.481 [main] DEBUG n.processor.TaskPollingMonitor - >>> barrier register (monitor: local)
May-29 11:39:31.589 [main] DEBUG nextflow.processor.TaskProcessor - Creating process 'RAREFACTION_THRESHOLD': maxForks=0; fair=false; array=0
May-29 11:39:31.657 [main] DEBUG nextflow.Session - Process names: RAREFACTION_THRESHOLD
May-29 11:39:31.662 [main] DEBUG nextflow.Session - Igniting dataflow network (2)
May-29 11:39:31.663 [main] DEBUG nextflow.processor.TaskProcessor - Starting process > RAREFACTION_THRESHOLD
May-29 11:39:31.664 [main] DEBUG nextflow.script.ScriptRunner - Parsed script files:
  Main: /home/nuria/Documents/AGB/project/agb2026/modules/groupC/phase2_diversity_analysis/module_rarefaction/select_rarefaction.nf
May-29 11:39:31.665 [main] DEBUG nextflow.script.ScriptRunner - > Awaiting termination 
May-29 11:39:31.665 [main] DEBUG nextflow.Session - Session await
May-29 11:39:31.901 [Task submitter] DEBUG n.executor.local.LocalTaskHandler - Launch cmd line: /bin/bash -ue .command.run
May-29 11:39:31.904 [Task submitter] INFO  nextflow.Session - [d6/657af1] Submitted process > RAREFACTION_THRESHOLD (rarefaction)
May-29 11:44:31.642 [Task monitor] DEBUG n.processor.TaskPollingMonitor - !! executor local > tasks to be completed: 1 -- submitted tasks are shown below
~> TaskHandler[id: 1; name: RAREFACTION_THRESHOLD (rarefaction); status: RUNNING; exit: -; error: -; workDir: /home/nuria/Documents/AGB/project/agb2026/modules/groupC/phase2_diversity_analysis/module_rarefaction/work/d6/657af14c23f18ad7e2c8bc8d1a73ff]
May-29 11:45:36.818 [Task monitor] DEBUG n.processor.TaskPollingMonitor - Task completed > TaskHandler[id: 1; name: RAREFACTION_THRESHOLD (rarefaction); status: COMPLETED; exit: 0; error: -; workDir: /home/nuria/Documents/AGB/project/agb2026/modules/groupC/phase2_diversity_analysis/module_rarefaction/work/d6/657af14c23f18ad7e2c8bc8d1a73ff]
May-29 11:45:36.819 [Task monitor] DEBUG nextflow.util.ThreadPoolBuilder - Creating thread pool 'TaskFinalizer' minSize=10; maxSize=48; workQueue=LinkedBlockingQueue[-1]; allowCoreThreadTimeout=false
May-29 11:45:36.895 [TaskFinalizer-1] DEBUG nextflow.util.ThreadPoolBuilder - Creating thread pool 'PublishDir' minSize=10; maxSize=48; workQueue=LinkedBlockingQueue[-1]; allowCoreThreadTimeout=false
May-29 11:45:36.904 [main] DEBUG nextflow.Session - Session await > all processes finished
May-29 11:45:36.915 [Task monitor] DEBUG n.processor.TaskPollingMonitor - <<< barrier arrives (monitor: local) - terminating tasks monitor poll loop
May-29 11:45:36.916 [main] DEBUG nextflow.Session - Session await > all barriers passed
May-29 11:45:36.925 [main] DEBUG nextflow.util.ThreadPoolManager - Thread pool 'TaskFinalizer' shutdown completed (hard=false)
May-29 11:45:36.925 [main] DEBUG nextflow.util.ThreadPoolManager - Thread pool 'PublishDir' shutdown completed (hard=false)
May-29 11:45:36.932 [main] DEBUG n.trace.WorkflowStatsObserver - Workflow completed > WorkflowStats[succeededCount=1; failedCount=0; ignoredCount=0; cachedCount=0; pendingCount=0; submittedCount=0; runningCount=0; retriesCount=0; abortedCount=0; succeedDuration=24m 17s; failedDuration=0ms; cachedDuration=0ms;loadCpus=0; loadMemory=0; peakRunning=1; peakCpus=4; peakMemory=8 GB; ]
May-29 11:45:37.144 [main] DEBUG nextflow.trace.ReportObserver - Workflow completed -- rendering execution report
May-29 11:45:37.553 [main] WARN  nextflow.trace.ReportObserver - Failed to render execution report -- see the log file for details
nextflow.exception.AbortOperationException: Report file already exists: logs/report.html -- enable the 'report.overwrite' option in your config file to overwrite existing files
	at nextflow.trace.TraceHelper.newFileWriter(TraceHelper.groovy:66)
	at nextflow.trace.ReportObserver.renderHtml(ReportObserver.groovy:243)
	at nextflow.trace.ReportObserver.onFlowComplete(ReportObserver.groovy:129)
	at nextflow.Session$_notifyFlowComplete_lambda38.doCall(Session.groovy:1093)
	at nextflow.Session.notifyEvent(Session.groovy:1123)
	at nextflow.Session.notifyFlowComplete(Session.groovy:1093)
	at nextflow.Session.shutdown0(Session.groovy:775)
	at nextflow.Session.destroy(Session.groovy:720)
	at nextflow.script.ScriptRunner.shutdown(ScriptRunner.groovy:244)
	at nextflow.script.ScriptRunner.execute(ScriptRunner.groovy:136)
	at nextflow.cli.CmdRun.run(CmdRun.groovy:442)
	at nextflow.cli.Launcher.run(Launcher.groovy:526)
	at nextflow.cli.Launcher.main(Launcher.groovy:686)
Caused by: java.nio.file.FileAlreadyExistsException: logs/report.html
	at java.base/sun.nio.fs.UnixException.translateToIOException(UnixException.java:94)
	at java.base/sun.nio.fs.UnixException.rethrowAsIOException(UnixException.java:106)
	at java.base/sun.nio.fs.UnixException.rethrowAsIOException(UnixException.java:111)
	at java.base/sun.nio.fs.UnixFileSystemProvider.newByteChannel(UnixFileSystemProvider.java:261)
	at java.base/java.nio.file.spi.FileSystemProvider.newOutputStream(FileSystemProvider.java:482)
	at java.base/java.nio.file.Files.newOutputStream(Files.java:228)
	at java.base/java.nio.file.Files.newBufferedWriter(Files.java:3001)
	at nextflow.trace.TraceHelper.newFileWriter(TraceHelper.groovy:63)
	... 12 common frames omitted
May-29 11:45:37.554 [main] DEBUG nextflow.trace.TraceFileObserver - Workflow completed -- saving trace file
May-29 11:45:37.562 [main] DEBUG nextflow.cache.CacheDB - Closing CacheDB done
May-29 11:45:37.574 [main] DEBUG nextflow.util.ThreadPoolManager - Thread pool 'FileTransfer' shutdown completed (hard=false)
May-29 11:45:37.574 [main] DEBUG nextflow.script.ScriptRunner - > Execution complete -- Goodbye
